2026-06-12 21:33:44,746 [INFO] ingestion.pipeline: Skipping (already processed): data/documents/rag/01_rag_knowledge_intensive_nlp.pdf
2026-06-12 21:33:44,747 [INFO] ingestion.pipeline: Skipping (already processed): data/documents/rag/02_dense_passage_retrieval.pdf
2026-06-12 21:33:44,749 [INFO] ingestion.pipeline: Skipping (already processed): data/documents/rag/03_realm.pdf
2026-06-12 21:33:44,750 [INFO] ingestion.pipeline: Skipping (already processed): data/documents/rag/04_fusion_in_decoder.pdf
2026-06-12 21:33:44,752 [INFO] ingestion.pipeline: Loading: data/documents/rag/05_self_rag.pdf
2026-06-12 21:33:48,028 [INFO] ingestion.pipeline: Splitting into chunks...
2026-06-12 21:33:48,223 [INFO] ingestion.pipeline: Produced 163 chunks
2026-06-12 21:33:48,223 [INFO] ingestion.pipeline: Refining chunks...
2026-06-12 21:33:48,226 [INFO] ingestion.pipeline: Enriching metadata...
2026-06-12 21:33:48,229 [INFO] ingestion.pipeline: Processing images...
2026-06-12 21:33:48,229 [INFO] ingestion.pipeline: Encoding chunks (dense + sparse)...
2026-06-12 21:34:27,328 [INFO] ingestion.pipeline: Upserting to vector store...
2026-06-12 21:34:28,321 [INFO] ingestion.pipeline: Building BM25 index...
2026-06-12 21:34:28,328 [INFO] ingestion.pipeline: Ingestion complete: 163 chunks stored

============================================================
  📚 批量文档摄取
============================================================
  路径: data/documents/rag
  文件数: 5
  集合: rag
  强制: 否
============================================================

  [1/5] 01_rag_knowledge_intensive_nlp.pdf
         ⏭️  跳过 (0.0s)
  [2/5] 02_dense_passage_retrieval.pdf
         ⏭️  跳过 (0.0s)
  [3/5] 03_realm.pdf
         ⏭️  跳过 (0.0s)
  [4/5] 04_fusion_in_decoder.pdf
         ⏭️  跳过 (0.0s)
  [5/5] 05_self_rag.pdf
         ✅ 163 chunks (43.6s)

============================================================
  📊 摄取汇总
────────────────────────────────────────────────────────────
  ✅ 成功: 1 个文件, 共 163 chunks
  ⏭️  跳过: 4 个文件
  ❌ 失败: 0 个文件
  ⏱️  总耗时: 43.6 秒
  📁 集合: rag
============================================================

